$ bun --filter synctable-web dev
synctable-web dev:   ▲ Next.js 14.2.35
synctable-web dev:   - Local:        http://localhost:3000
synctable-web dev:
synctable-web dev:  ✓ Starting...
synctable-web dev: Attention: Next.js now collects completely anonymous telemetry regarding usage.
synctable-web dev: This information is used to shape Next.js' roadmap and prioritize features.
synctable-web dev: You can learn more, including how to opt-out if you'd not like to participate in this anonymous program, by visiting the following URL:
synctable-web dev: https://nextjs.org/telemetry
synctable-web dev:
synctable-web dev:  ✓ Ready in 1737ms
synctable-web dev:  ○ Compiling / ...
synctable-web dev:  ✓ Compiled / in 6.6s (527 modules)
synctable-web dev:  ✓ Compiled in 841ms (271 modules)
synctable-web dev:  GET / 200 in 7530ms
synctable-web dev:  ○ Compiling /api/auth/me ...
synctable-web dev:  ✓ Compiled /api/auth/me in 3.8s (287 modules)
synctable-web dev:  GET /api/auth/me 200 in 3897ms
synctable-web dev:  GET /api/auth/me 200 in 14ms
synctable-web dev:  GET / 200 in 124ms
synctable-web dev:  GET / 200 in 35ms
synctable-web dev:  GET /api/auth/me 200 in 22ms
synctable-web dev:  GET /api/auth/me 200 in 8ms
synctable-web dev:  GET / 200 in 34ms
synctable-web dev:  GET / 200 in 47ms
synctable-web dev:  ✓ Compiled /api/sync/tree in 274ms (289 modules)
synctable-web dev:  GET /api/sync/tree 401 in 327ms
synctable-web dev:  GET /api/sync/tree 401 in 329ms
synctable-web dev:  GET / 200 in 96ms
synctable-web dev:  GET /api/auth/me 200 in 17ms
synctable-web dev:  GET /api/auth/me 200 in 12ms
synctable-web dev:  GET / 200 in 32ms
synctable-web dev:  GET /api/sync/tree 401 in 28ms
synctable-web dev:  GET /api/sync/tree 401 in 27ms
synctable-web dev:  GET / 200 in 31ms
synctable-web dev:  GET /api/sync/tree 401 in 16ms
synctable-web dev:  GET /api/sync/tree 401 in 12ms
synctable-web dev:  GET / 200 in 27ms
synctable-web dev:  GET /api/sync/tree 401 in 23ms
synctable-web dev:  GET /api/sync/tree 401 in 17ms
synctable-web dev:  GET / 200 in 26ms
synctable-web dev:  GET /api/sync/tree 401 in 12ms
synctable-web dev:  GET / 200 in 26ms
synctable-web dev:  GET /api/sync/tree 401 in 16ms
synctable-web dev:  GET /api/sync/tree 401 in 24ms
synctable-web dev:  GET / 200 in 26ms
synctable-web dev:  GET /api/sync/tree 401 in 20ms
synctable-web dev:  GET /api/sync/tree 401 in 12ms
synctable-web dev:  GET / 200 in 28ms
error: script "dev:web" was terminated by signal SIGTERM (Polite quit request)
